// Jest Snapshot v1, https://goo.gl/fbAQLP

exports[`mounts the component 1`] = `
initialize {
  "0": Object {
    "attribs": Object {
      "class": "LandingPage",
    },
    "children": Array [
      Object {
        "attribs": Object {
          "class": "Controls",
        },
        "children": Array [
          Object {
            "attribs": Object {
              "class": "WelcomeMessage",
            },
            "children": Array [
              Object {
                "data": "Welcome to the Social Distancing Network",
                "next": null,
                "parent": [Circular],
                "prev": null,
                "type": "text",
              },
            ],
            "name": "div",
            "namespace": "http://www.w3.org/1999/xhtml",
            "next": Object {
              "attribs": Object {
                "class": "ButtonsContainer",
              },
              "children": Array [
                Object {
                  "attribs": Object {
                    "class": "NavLink",
                    "href": "/create-an-account",
                  },
                  "children": Array [
                    Object {
                      "data": "Create An Account",
                      "next": null,
                      "parent": [Circular],
                      "prev": null,
                      "type": "text",
                    },
                  ],
                  "name": "a",
                  "namespace": "http://www.w3.org/1999/xhtml",
                  "next": Object {
                    "attribs": Object {
                      "class": "NavLink",
                      "href": "/log-in",
                    },
                    "children": Array [
                      Object {
                        "data": "Log In",
                        "next": null,
                        "parent": [Circular],
                        "prev": null,
                        "type": "text",
                      },
                    ],
                    "name": "a",
                    "namespace": "http://www.w3.org/1999/xhtml",
                    "next": null,
                    "parent": [Circular],
                    "prev": [Circular],
                    "type": "tag",
                    "x-attribsNamespace": Object {
                      "class": undefined,
                      "href": undefined,
                    },
                    "x-attribsPrefix": Object {
                      "class": undefined,
                      "href": undefined,
                    },
                  },
                  "parent": [Circular],
                  "prev": null,
                  "type": "tag",
                  "x-attribsNamespace": Object {
                    "class": undefined,
                    "href": undefined,
                  },
                  "x-attribsPrefix": Object {
                    "class": undefined,
                    "href": undefined,
                  },
                },
                Object {
                  "attribs": Object {
                    "class": "NavLink",
                    "href": "/log-in",
                  },
                  "children": Array [
                    Object {
                      "data": "Log In",
                      "next": null,
                      "parent": [Circular],
                      "prev": null,
                      "type": "text",
                    },
                  ],
                  "name": "a",
                  "namespace": "http://www.w3.org/1999/xhtml",
                  "next": null,
                  "parent": [Circular],
                  "prev": Object {
                    "attribs": Object {
                      "class": "NavLink",
                      "href": "/create-an-account",
                    },
                    "children": Array [
                      Object {
                        "data": "Create An Account",
                        "next": null,
                        "parent": [Circular],
                        "prev": null,
                        "type": "text",
                      },
                    ],
                    "name": "a",
                    "namespace": "http://www.w3.org/1999/xhtml",
                    "next": [Circular],
                    "parent": [Circular],
                    "prev": null,
                    "type": "tag",
                    "x-attribsNamespace": Object {
                      "class": undefined,
                      "href": undefined,
                    },
                    "x-attribsPrefix": Object {
                      "class": undefined,
                      "href": undefined,
                    },
                  },
                  "type": "tag",
                  "x-attribsNamespace": Object {
                    "class": undefined,
                    "href": undefined,
                  },
                  "x-attribsPrefix": Object {
                    "class": undefined,
                    "href": undefined,
                  },
                },
              ],
              "name": "div",
              "namespace": "http://www.w3.org/1999/xhtml",
              "next": null,
              "parent": [Circular],
              "prev": [Circular],
              "type": "tag",
              "x-attribsNamespace": Object {
                "class": undefined,
              },
              "x-attribsPrefix": Object {
                "class": undefined,
              },
            },
            "parent": [Circular],
            "prev": null,
            "type": "tag",
            "x-attribsNamespace": Object {
              "class": undefined,
            },
            "x-attribsPrefix": Object {
              "class": undefined,
            },
          },
          Object {
            "attribs": Object {
              "class": "ButtonsContainer",
            },
            "children": Array [
              Object {
                "attribs": Object {
                  "class": "NavLink",
                  "href": "/create-an-account",
                },
                "children": Array [
                  Object {
                    "data": "Create An Account",
                    "next": null,
                    "parent": [Circular],
                    "prev": null,
                    "type": "text",
                  },
                ],
                "name": "a",
                "namespace": "http://www.w3.org/1999/xhtml",
                "next": Object {
                  "attribs": Object {
                    "class": "NavLink",
                    "href": "/log-in",
                  },
                  "children": Array [
                    Object {
                      "data": "Log In",
                      "next": null,
                      "parent": [Circular],
                      "prev": null,
                      "type": "text",
                    },
                  ],
                  "name": "a",
                  "namespace": "http://www.w3.org/1999/xhtml",
                  "next": null,
                  "parent": [Circular],
                  "prev": [Circular],
                  "type": "tag",
                  "x-attribsNamespace": Object {
                    "class": undefined,
                    "href": undefined,
                  },
                  "x-attribsPrefix": Object {
                    "class": undefined,
                    "href": undefined,
                  },
                },
                "parent": [Circular],
                "prev": null,
                "type": "tag",
                "x-attribsNamespace": Object {
                  "class": undefined,
                  "href": undefined,
                },
                "x-attribsPrefix": Object {
                  "class": undefined,
                  "href": undefined,
                },
              },
              Object {
                "attribs": Object {
                  "class": "NavLink",
                  "href": "/log-in",
                },
                "children": Array [
                  Object {
                    "data": "Log In",
                    "next": null,
                    "parent": [Circular],
                    "prev": null,
                    "type": "text",
                  },
                ],
                "name": "a",
                "namespace": "http://www.w3.org/1999/xhtml",
                "next": null,
                "parent": [Circular],
                "prev": Object {
                  "attribs": Object {
                    "class": "NavLink",
                    "href": "/create-an-account",
                  },
                  "children": Array [
                    Object {
                      "data": "Create An Account",
                      "next": null,
                      "parent": [Circular],
                      "prev": null,
                      "type": "text",
                    },
                  ],
                  "name": "a",
                  "namespace": "http://www.w3.org/1999/xhtml",
                  "next": [Circular],
                  "parent": [Circular],
                  "prev": null,
                  "type": "tag",
                  "x-attribsNamespace": Object {
                    "class": undefined,
                    "href": undefined,
                  },
                  "x-attribsPrefix": Object {
                    "class": undefined,
                    "href": undefined,
                  },
                },
                "type": "tag",
                "x-attribsNamespace": Object {
                  "class": undefined,
                  "href": undefined,
                },
                "x-attribsPrefix": Object {
                  "class": undefined,
                  "href": undefined,
                },
              },
            ],
            "name": "div",
            "namespace": "http://www.w3.org/1999/xhtml",
            "next": null,
            "parent": [Circular],
            "prev": Object {
              "attribs": Object {
                "class": "WelcomeMessage",
              },
              "children": Array [
                Object {
                  "data": "Welcome to the Social Distancing Network",
                  "next": null,
                  "parent": [Circular],
                  "prev": null,
                  "type": "text",
                },
              ],
              "name": "div",
              "namespace": "http://www.w3.org/1999/xhtml",
              "next": [Circular],
              "parent": [Circular],
              "prev": null,
              "type": "tag",
              "x-attribsNamespace": Object {
                "class": undefined,
              },
              "x-attribsPrefix": Object {
                "class": undefined,
              },
            },
            "type": "tag",
            "x-attribsNamespace": Object {
              "class": undefined,
            },
            "x-attribsPrefix": Object {
              "class": undefined,
            },
          },
        ],
        "name": "div",
        "namespace": "http://www.w3.org/1999/xhtml",
        "next": null,
        "parent": [Circular],
        "prev": null,
        "type": "tag",
        "x-attribsNamespace": Object {
          "class": undefined,
        },
        "x-attribsPrefix": Object {
          "class": undefined,
        },
      },
    ],
    "name": "div",
    "namespace": "http://www.w3.org/1999/xhtml",
    "next": null,
    "parent": null,
    "prev": null,
    "root": Object {
      "attribs": Object {},
      "children": Array [
        [Circular],
      ],
      "name": "root",
      "namespace": "http://www.w3.org/1999/xhtml",
      "next": null,
      "parent": null,
      "prev": null,
      "type": "root",
      "x-attribsNamespace": Object {},
      "x-attribsPrefix": Object {},
    },
    "type": "tag",
    "x-attribsNamespace": Object {
      "class": undefined,
    },
    "x-attribsPrefix": Object {
      "class": undefined,
    },
  },
  "_root": [Circular],
  "length": 1,
  "options": Object {
    "decodeEntities": true,
    "normalizeWhitespace": false,
    "withDomLvl1": true,
    "xml": false,
  },
}
`;

exports[`render the component 1`] = `
initialize {
  "0": Object {
    "attribs": Object {
      "class": "LandingPage",
    },
    "children": Array [
      Object {
        "attribs": Object {
          "class": "Controls",
        },
        "children": Array [
          Object {
            "attribs": Object {
              "class": "WelcomeMessage",
            },
            "children": Array [
              Object {
                "data": "Welcome to the Social Distancing Network",
                "next": null,
                "parent": [Circular],
                "prev": null,
                "type": "text",
              },
            ],
            "name": "div",
            "namespace": "http://www.w3.org/1999/xhtml",
            "next": Object {
              "attribs": Object {
                "class": "ButtonsContainer",
              },
              "children": Array [
                Object {
                  "attribs": Object {
                    "class": "NavLink",
                    "href": "/create-an-account",
                  },
                  "children": Array [
                    Object {
                      "data": "Create An Account",
                      "next": null,
                      "parent": [Circular],
                      "prev": null,
                      "type": "text",
                    },
                  ],
                  "name": "a",
                  "namespace": "http://www.w3.org/1999/xhtml",
                  "next": Object {
                    "attribs": Object {
                      "class": "NavLink",
                      "href": "/log-in",
                    },
                    "children": Array [
                      Object {
                        "data": "Log In",
                        "next": null,
                        "parent": [Circular],
                        "prev": null,
                        "type": "text",
                      },
                    ],
                    "name": "a",
                    "namespace": "http://www.w3.org/1999/xhtml",
                    "next": null,
                    "parent": [Circular],
                    "prev": [Circular],
                    "type": "tag",
                    "x-attribsNamespace": Object {
                      "class": undefined,
                      "href": undefined,
                    },
                    "x-attribsPrefix": Object {
                      "class": undefined,
                      "href": undefined,
                    },
                  },
                  "parent": [Circular],
                  "prev": null,
                  "type": "tag",
                  "x-attribsNamespace": Object {
                    "class": undefined,
                    "href": undefined,
                  },
                  "x-attribsPrefix": Object {
                    "class": undefined,
                    "href": undefined,
                  },
                },
                Object {
                  "attribs": Object {
                    "class": "NavLink",
                    "href": "/log-in",
                  },
                  "children": Array [
                    Object {
                      "data": "Log In",
                      "next": null,
                      "parent": [Circular],
                      "prev": null,
                      "type": "text",
                    },
                  ],
                  "name": "a",
                  "namespace": "http://www.w3.org/1999/xhtml",
                  "next": null,
                  "parent": [Circular],
                  "prev": Object {
                    "attribs": Object {
                      "class": "NavLink",
                      "href": "/create-an-account",
                    },
                    "children": Array [
                      Object {
                        "data": "Create An Account",
                        "next": null,
                        "parent": [Circular],
                        "prev": null,
                        "type": "text",
                      },
                    ],
                    "name": "a",
                    "namespace": "http://www.w3.org/1999/xhtml",
                    "next": [Circular],
                    "parent": [Circular],
                    "prev": null,
                    "type": "tag",
                    "x-attribsNamespace": Object {
                      "class": undefined,
                      "href": undefined,
                    },
                    "x-attribsPrefix": Object {
                      "class": undefined,
                      "href": undefined,
                    },
                  },
                  "type": "tag",
                  "x-attribsNamespace": Object {
                    "class": undefined,
                    "href": undefined,
                  },
                  "x-attribsPrefix": Object {
                    "class": undefined,
                    "href": undefined,
                  },
                },
              ],
              "name": "div",
              "namespace": "http://www.w3.org/1999/xhtml",
              "next": null,
              "parent": [Circular],
              "prev": [Circular],
              "type": "tag",
              "x-attribsNamespace": Object {
                "class": undefined,
              },
              "x-attribsPrefix": Object {
                "class": undefined,
              },
            },
            "parent": [Circular],
            "prev": null,
            "type": "tag",
            "x-attribsNamespace": Object {
              "class": undefined,
            },
            "x-attribsPrefix": Object {
              "class": undefined,
            },
          },
          Object {
            "attribs": Object {
              "class": "ButtonsContainer",
            },
            "children": Array [
              Object {
                "attribs": Object {
                  "class": "NavLink",
                  "href": "/create-an-account",
                },
                "children": Array [
                  Object {
                    "data": "Create An Account",
                    "next": null,
                    "parent": [Circular],
                    "prev": null,
                    "type": "text",
                  },
                ],
                "name": "a",
                "namespace": "http://www.w3.org/1999/xhtml",
                "next": Object {
                  "attribs": Object {
                    "class": "NavLink",
                    "href": "/log-in",
                  },
                  "children": Array [
                    Object {
                      "data": "Log In",
                      "next": null,
                      "parent": [Circular],
                      "prev": null,
                      "type": "text",
                    },
                  ],
                  "name": "a",
                  "namespace": "http://www.w3.org/1999/xhtml",
                  "next": null,
                  "parent": [Circular],
                  "prev": [Circular],
                  "type": "tag",
                  "x-attribsNamespace": Object {
                    "class": undefined,
                    "href": undefined,
                  },
                  "x-attribsPrefix": Object {
                    "class": undefined,
                    "href": undefined,
                  },
                },
                "parent": [Circular],
                "prev": null,
                "type": "tag",
                "x-attribsNamespace": Object {
                  "class": undefined,
                  "href": undefined,
                },
                "x-attribsPrefix": Object {
                  "class": undefined,
                  "href": undefined,
                },
              },
              Object {
                "attribs": Object {
                  "class": "NavLink",
                  "href": "/log-in",
                },
                "children": Array [
                  Object {
                    "data": "Log In",
                    "next": null,
                    "parent": [Circular],
                    "prev": null,
                    "type": "text",
                  },
                ],
                "name": "a",
                "namespace": "http://www.w3.org/1999/xhtml",
                "next": null,
                "parent": [Circular],
                "prev": Object {
                  "attribs": Object {
                    "class": "NavLink",
                    "href": "/create-an-account",
                  },
                  "children": Array [
                    Object {
                      "data": "Create An Account",
                      "next": null,
                      "parent": [Circular],
                      "prev": null,
                      "type": "text",
                    },
                  ],
                  "name": "a",
                  "namespace": "http://www.w3.org/1999/xhtml",
                  "next": [Circular],
                  "parent": [Circular],
                  "prev": null,
                  "type": "tag",
                  "x-attribsNamespace": Object {
                    "class": undefined,
                    "href": undefined,
                  },
                  "x-attribsPrefix": Object {
                    "class": undefined,
                    "href": undefined,
                  },
                },
                "type": "tag",
                "x-attribsNamespace": Object {
                  "class": undefined,
                  "href": undefined,
                },
                "x-attribsPrefix": Object {
                  "class": undefined,
                  "href": undefined,
                },
              },
            ],
            "name": "div",
            "namespace": "http://www.w3.org/1999/xhtml",
            "next": null,
            "parent": [Circular],
            "prev": Object {
              "attribs": Object {
                "class": "WelcomeMessage",
              },
              "children": Array [
                Object {
                  "data": "Welcome to the Social Distancing Network",
                  "next": null,
                  "parent": [Circular],
                  "prev": null,
                  "type": "text",
                },
              ],
              "name": "div",
              "namespace": "http://www.w3.org/1999/xhtml",
              "next": [Circular],
              "parent": [Circular],
              "prev": null,
              "type": "tag",
              "x-attribsNamespace": Object {
                "class": undefined,
              },
              "x-attribsPrefix": Object {
                "class": undefined,
              },
            },
            "type": "tag",
            "x-attribsNamespace": Object {
              "class": undefined,
            },
            "x-attribsPrefix": Object {
              "class": undefined,
            },
          },
        ],
        "name": "div",
        "namespace": "http://www.w3.org/1999/xhtml",
        "next": null,
        "parent": [Circular],
        "prev": null,
        "type": "tag",
        "x-attribsNamespace": Object {
          "class": undefined,
        },
        "x-attribsPrefix": Object {
          "class": undefined,
        },
      },
    ],
    "name": "div",
    "namespace": "http://www.w3.org/1999/xhtml",
    "next": null,
    "parent": null,
    "prev": null,
    "root": Object {
      "attribs": Object {},
      "children": Array [
        [Circular],
      ],
      "name": "root",
      "namespace": "http://www.w3.org/1999/xhtml",
      "next": null,
      "parent": null,
      "prev": null,
      "type": "root",
      "x-attribsNamespace": Object {},
      "x-attribsPrefix": Object {},
    },
    "type": "tag",
    "x-attribsNamespace": Object {
      "class": undefined,
    },
    "x-attribsPrefix": Object {
      "class": undefined,
    },
  },
  "_root": [Circular],
  "length": 1,
  "options": Object {
    "decodeEntities": true,
    "normalizeWhitespace": false,
    "withDomLvl1": true,
    "xml": false,
  },
}
`;

exports[`render the landing page 1`] = `
initialize {
  "0": Object {
    "attribs": Object {
      "class": "LandingPage",
    },
    "children": Array [
      Object {
        "attribs": Object {
          "class": "Controls",
        },
        "children": Array [
          Object {
            "attribs": Object {
              "class": "WelcomeMessage",
            },
            "children": Array [
              Object {
                "data": "Welcome to the Social Distancing Network",
                "next": null,
                "parent": [Circular],
                "prev": null,
                "type": "text",
              },
            ],
            "name": "div",
            "namespace": "http://www.w3.org/1999/xhtml",
            "next": Object {
              "attribs": Object {
                "class": "ButtonsContainer",
              },
              "children": Array [
                Object {
                  "attribs": Object {
                    "class": "NavLink",
                    "href": "/create-an-account",
                  },
                  "children": Array [
                    Object {
                      "data": "Create An Account",
                      "next": null,
                      "parent": [Circular],
                      "prev": null,
                      "type": "text",
                    },
                  ],
                  "name": "a",
                  "namespace": "http://www.w3.org/1999/xhtml",
                  "next": Object {
                    "attribs": Object {
                      "class": "NavLink",
                      "href": "/log-in",
                    },
                    "children": Array [
                      Object {
                        "data": "Log In",
                        "next": null,
                        "parent": [Circular],
                        "prev": null,
                        "type": "text",
                      },
                    ],
                    "name": "a",
                    "namespace": "http://www.w3.org/1999/xhtml",
                    "next": null,
                    "parent": [Circular],
                    "prev": [Circular],
                    "type": "tag",
                    "x-attribsNamespace": Object {
                      "class": undefined,
                      "href": undefined,
                    },
                    "x-attribsPrefix": Object {
                      "class": undefined,
                      "href": undefined,
                    },
                  },
                  "parent": [Circular],
                  "prev": null,
                  "type": "tag",
                  "x-attribsNamespace": Object {
                    "class": undefined,
                    "href": undefined,
                  },
                  "x-attribsPrefix": Object {
                    "class": undefined,
                    "href": undefined,
                  },
                },
                Object {
                  "attribs": Object {
                    "class": "NavLink",
                    "href": "/log-in",
                  },
                  "children": Array [
                    Object {
                      "data": "Log In",
                      "next": null,
                      "parent": [Circular],
                      "prev": null,
                      "type": "text",
                    },
                  ],
                  "name": "a",
                  "namespace": "http://www.w3.org/1999/xhtml",
                  "next": null,
                  "parent": [Circular],
                  "prev": Object {
                    "attribs": Object {
                      "class": "NavLink",
                      "href": "/create-an-account",
                    },
                    "children": Array [
                      Object {
                        "data": "Create An Account",
                        "next": null,
                        "parent": [Circular],
                        "prev": null,
                        "type": "text",
                      },
                    ],
                    "name": "a",
                    "namespace": "http://www.w3.org/1999/xhtml",
                    "next": [Circular],
                    "parent": [Circular],
                    "prev": null,
                    "type": "tag",
                    "x-attribsNamespace": Object {
                      "class": undefined,
                      "href": undefined,
                    },
                    "x-attribsPrefix": Object {
                      "class": undefined,
                      "href": undefined,
                    },
                  },
                  "type": "tag",
                  "x-attribsNamespace": Object {
                    "class": undefined,
                    "href": undefined,
                  },
                  "x-attribsPrefix": Object {
                    "class": undefined,
                    "href": undefined,
                  },
                },
              ],
              "name": "div",
              "namespace": "http://www.w3.org/1999/xhtml",
              "next": null,
              "parent": [Circular],
              "prev": [Circular],
              "type": "tag",
              "x-attribsNamespace": Object {
                "class": undefined,
              },
              "x-attribsPrefix": Object {
                "class": undefined,
              },
            },
            "parent": [Circular],
            "prev": null,
            "type": "tag",
            "x-attribsNamespace": Object {
              "class": undefined,
            },
            "x-attribsPrefix": Object {
              "class": undefined,
            },
          },
          Object {
            "attribs": Object {
              "class": "ButtonsContainer",
            },
            "children": Array [
              Object {
                "attribs": Object {
                  "class": "NavLink",
                  "href": "/create-an-account",
                },
                "children": Array [
                  Object {
                    "data": "Create An Account",
                    "next": null,
                    "parent": [Circular],
                    "prev": null,
                    "type": "text",
                  },
                ],
                "name": "a",
                "namespace": "http://www.w3.org/1999/xhtml",
                "next": Object {
                  "attribs": Object {
                    "class": "NavLink",
                    "href": "/log-in",
                  },
                  "children": Array [
                    Object {
                      "data": "Log In",
                      "next": null,
                      "parent": [Circular],
                      "prev": null,
                      "type": "text",
                    },
                  ],
                  "name": "a",
                  "namespace": "http://www.w3.org/1999/xhtml",
                  "next": null,
                  "parent": [Circular],
                  "prev": [Circular],
                  "type": "tag",
                  "x-attribsNamespace": Object {
                    "class": undefined,
                    "href": undefined,
                  },
                  "x-attribsPrefix": Object {
                    "class": undefined,
                    "href": undefined,
                  },
                },
                "parent": [Circular],
                "prev": null,
                "type": "tag",
                "x-attribsNamespace": Object {
                  "class": undefined,
                  "href": undefined,
                },
                "x-attribsPrefix": Object {
                  "class": undefined,
                  "href": undefined,
                },
              },
              Object {
                "attribs": Object {
                  "class": "NavLink",
                  "href": "/log-in",
                },
                "children": Array [
                  Object {
                    "data": "Log In",
                    "next": null,
                    "parent": [Circular],
                    "prev": null,
                    "type": "text",
                  },
                ],
                "name": "a",
                "namespace": "http://www.w3.org/1999/xhtml",
                "next": null,
                "parent": [Circular],
                "prev": Object {
                  "attribs": Object {
                    "class": "NavLink",
                    "href": "/create-an-account",
                  },
                  "children": Array [
                    Object {
                      "data": "Create An Account",
                      "next": null,
                      "parent": [Circular],
                      "prev": null,
                      "type": "text",
                    },
                  ],
                  "name": "a",
                  "namespace": "http://www.w3.org/1999/xhtml",
                  "next": [Circular],
                  "parent": [Circular],
                  "prev": null,
                  "type": "tag",
                  "x-attribsNamespace": Object {
                    "class": undefined,
                    "href": undefined,
                  },
                  "x-attribsPrefix": Object {
                    "class": undefined,
                    "href": undefined,
                  },
                },
                "type": "tag",
                "x-attribsNamespace": Object {
                  "class": undefined,
                  "href": undefined,
                },
                "x-attribsPrefix": Object {
                  "class": undefined,
                  "href": undefined,
                },
              },
            ],
            "name": "div",
            "namespace": "http://www.w3.org/1999/xhtml",
            "next": null,
            "parent": [Circular],
            "prev": Object {
              "attribs": Object {
                "class": "WelcomeMessage",
              },
              "children": Array [
                Object {
                  "data": "Welcome to the Social Distancing Network",
                  "next": null,
                  "parent": [Circular],
                  "prev": null,
                  "type": "text",
                },
              ],
              "name": "div",
              "namespace": "http://www.w3.org/1999/xhtml",
              "next": [Circular],
              "parent": [Circular],
              "prev": null,
              "type": "tag",
              "x-attribsNamespace": Object {
                "class": undefined,
              },
              "x-attribsPrefix": Object {
                "class": undefined,
              },
            },
            "type": "tag",
            "x-attribsNamespace": Object {
              "class": undefined,
            },
            "x-attribsPrefix": Object {
              "class": undefined,
            },
          },
        ],
        "name": "div",
        "namespace": "http://www.w3.org/1999/xhtml",
        "next": null,
        "parent": [Circular],
        "prev": null,
        "type": "tag",
        "x-attribsNamespace": Object {
          "class": undefined,
        },
        "x-attribsPrefix": Object {
          "class": undefined,
        },
      },
    ],
    "name": "div",
    "namespace": "http://www.w3.org/1999/xhtml",
    "next": null,
    "parent": null,
    "prev": null,
    "root": Object {
      "attribs": Object {},
      "children": Array [
        [Circular],
      ],
      "name": "root",
      "namespace": "http://www.w3.org/1999/xhtml",
      "next": null,
      "parent": null,
      "prev": null,
      "type": "root",
      "x-attribsNamespace": Object {},
      "x-attribsPrefix": Object {},
    },
    "type": "tag",
    "x-attribsNamespace": Object {
      "class": undefined,
    },
    "x-attribsPrefix": Object {
      "class": undefined,
    },
  },
  "_root": [Circular],
  "length": 1,
  "options": Object {
    "decodeEntities": true,
    "normalizeWhitespace": false,
    "withDomLvl1": true,
    "xml": false,
  },
}
`;

exports[`renders the component 1`] = `ShallowWrapper {}`;
